Archive member included to satisfy reference by file (symbol)

/usr/lib/gcc/arm-none-eabi/12.2.0/thumb/v6-m/nofp/libgcc.a(_dvmd_tls.o)
                              CMakeFiles/led_test.dir/home/raahi/Projects/BLIMP/pico-sdk/src/rp2_common/pico_divider/divider.S.obj (__aeabi_idiv0)
/usr/lib/gcc/arm-none-eabi/12.2.0/../../../../arm-none-eabi/lib/thumb/v6-m/nofp/libc.a(lib_a-atexit.o)
                              /usr/lib/gcc/arm-none-eabi/12.2.0/../../../../arm-none-eabi/lib/thumb/v6-m/nofp/crt0.o (atexit)
/usr/lib/gcc/arm-none-eabi/12.2.0/../../../../arm-none-eabi/lib/thumb/v6-m/nofp/libc.a(lib_a-calloc.o)
                              CMakeFiles/led_test.dir/home/raahi/Projects/BLIMP/pico-sdk/src/rp2_common/pico_malloc/pico_malloc.c.obj (calloc)
/usr/lib/gcc/arm-none-eabi/12.2.0/../../../../arm-none-eabi/lib/thumb/v6-m/nofp/libc.a(lib_a-callocr.o)
                              /usr/lib/gcc/arm-none-eabi/12.2.0/../../../../arm-none-eabi/lib/thumb/v6-m/nofp/libc.a(lib_a-calloc.o) (_calloc_r)
/usr/lib/gcc/arm-none-eabi/12.2.0/../../../../arm-none-eabi/lib/thumb/v6-m/nofp/libc.a(lib_a-errno.o)
                              /usr/lib/gcc/arm-none-eabi/12.2.0/../../../../arm-none-eabi/lib/thumb/v6-m/nofp/libc.a(lib_a-callocr.o) (__errno)
/usr/lib/gcc/arm-none-eabi/12.2.0/../../../../arm-none-eabi/lib/thumb/v6-m/nofp/libc.a(lib_a-fini.o)
                              /usr/lib/gcc/arm-none-eabi/12.2.0/../../../../arm-none-eabi/lib/thumb/v6-m/nofp/crt0.o (__libc_fini_array)
/usr/lib/gcc/arm-none-eabi/12.2.0/../../../../arm-none-eabi/lib/thumb/v6-m/nofp/libc.a(lib_a-impure.o)
                              /usr/lib/gcc/arm-none-eabi/12.2.0/../../../../arm-none-eabi/lib/thumb/v6-m/nofp/libc.a(lib_a-calloc.o) (_impure_ptr)
/usr/lib/gcc/arm-none-eabi/12.2.0/../../../../arm-none-eabi/lib/thumb/v6-m/nofp/libc.a(lib_a-init.o)
                              /usr/lib/gcc/arm-none-eabi/12.2.0/../../../../arm-none-eabi/lib/thumb/v6-m/nofp/crt0.o (__libc_init_array)
/usr/lib/gcc/arm-none-eabi/12.2.0/../../../../arm-none-eabi/lib/thumb/v6-m/nofp/libc.a(lib_a-malloc.o)
                              CMakeFiles/led_test.dir/home/raahi/Projects/BLIMP/pico-sdk/src/rp2_common/pico_malloc/pico_malloc.c.obj (malloc)
/usr/lib/gcc/arm-none-eabi/12.2.0/../../../../arm-none-eabi/lib/thumb/v6-m/nofp/libc.a(lib_a-mallocr.o)
                              /usr/lib/gcc/arm-none-eabi/12.2.0/../../../../arm-none-eabi/lib/thumb/v6-m/nofp/libc.a(lib_a-callocr.o) (_malloc_r)
/usr/lib/gcc/arm-none-eabi/12.2.0/../../../../arm-none-eabi/lib/thumb/v6-m/nofp/libc.a(lib_a-mlock.o)
                              /usr/lib/gcc/arm-none-eabi/12.2.0/../../../../arm-none-eabi/lib/thumb/v6-m/nofp/libc.a(lib_a-mallocr.o) (__malloc_lock)
/usr/lib/gcc/arm-none-eabi/12.2.0/../../../../arm-none-eabi/lib/thumb/v6-m/nofp/libc.a(lib_a-realloc.o)
                              CMakeFiles/led_test.dir/home/raahi/Projects/BLIMP/pico-sdk/src/rp2_common/pico_malloc/pico_malloc.c.obj (realloc)
/usr/lib/gcc/arm-none-eabi/12.2.0/../../../../arm-none-eabi/lib/thumb/v6-m/nofp/libc.a(lib_a-reallocr.o)
                              /usr/lib/gcc/arm-none-eabi/12.2.0/../../../../arm-none-eabi/lib/thumb/v6-m/nofp/libc.a(lib_a-realloc.o) (_realloc_r)
/usr/lib/gcc/arm-none-eabi/12.2.0/../../../../arm-none-eabi/lib/thumb/v6-m/nofp/libc.a(lib_a-sbrkr.o)
                              /usr/lib/gcc/arm-none-eabi/12.2.0/../../../../arm-none-eabi/lib/thumb/v6-m/nofp/libc.a(lib_a-mallocr.o) (_sbrk_r)
/usr/lib/gcc/arm-none-eabi/12.2.0/../../../../arm-none-eabi/lib/thumb/v6-m/nofp/libc.a(lib_a-strlen-stub.o)
                              CMakeFiles/led_test.dir/home/raahi/Projects/BLIMP/pico-sdk/src/rp2_common/pico_stdio/stdio.c.obj (strlen)
/usr/lib/gcc/arm-none-eabi/12.2.0/../../../../arm-none-eabi/lib/thumb/v6-m/nofp/libc.a(lib_a-__atexit.o)
                              /usr/lib/gcc/arm-none-eabi/12.2.0/../../../../arm-none-eabi/lib/thumb/v6-m/nofp/libc.a(lib_a-atexit.o) (__register_exitproc)
/usr/lib/gcc/arm-none-eabi/12.2.0/../../../../arm-none-eabi/lib/thumb/v6-m/nofp/libc.a(lib_a-__call_atexit.o)
                              /usr/lib/gcc/arm-none-eabi/12.2.0/../../../../arm-none-eabi/lib/thumb/v6-m/nofp/libc.a(lib_a-__atexit.o) (__atexit_recursive_mutex)
/usr/lib/gcc/arm-none-eabi/12.2.0/../../../../arm-none-eabi/lib/thumb/v6-m/nofp/libc.a(lib_a-freer.o)
                              /usr/lib/gcc/arm-none-eabi/12.2.0/../../../../arm-none-eabi/lib/thumb/v6-m/nofp/libc.a(lib_a-malloc.o) (_free_r)
/usr/lib/gcc/arm-none-eabi/12.2.0/../../../../arm-none-eabi/lib/thumb/v6-m/nofp/libc.a(lib_a-lock.o)
                              /usr/lib/gcc/arm-none-eabi/12.2.0/../../../../arm-none-eabi/lib/thumb/v6-m/nofp/libc.a(lib_a-mlock.o) (__retarget_lock_acquire_recursive)
/usr/lib/gcc/arm-none-eabi/12.2.0/../../../../arm-none-eabi/lib/thumb/v6-m/nofp/libc.a(lib_a-memmove.o)
[...]
Memory Configuration

Name             Origin             Length             Attributes
FLASH            0x0000000010000000 0x0000000000200000 xr
RAM              0x0000000020000000 0x0000000000040000 xrw
SCRATCH_X        0x0000000020040000 0x0000000000001000 xrw
SCRATCH_Y        0x0000000020041000 0x0000000000001000 xrw
*default*        0x0000000000000000 0xffffffffffffffff

Linker script and memory map

LOAD /usr/lib/gcc/arm-none-eabi/12.2.0/thumb/v6-m/nofp/crti.o
LOAD /usr/lib/gcc/arm-none-eabi/12.2.0/thumb/v6-m/nofp/crtbegin.o
LOAD /usr/lib/gcc/arm-none-eabi/12.2.0/../../../../arm-none-eabi/lib/thumb/v6-m/nofp/crt0.o

.flash_begin    0x0000000010000000        0x0
                0x0000000010000000                __flash_binary_start = .

.boot2          0x0000000010000000      0x100
                0x0000000010000000                __boot2_start__ = .
 *(.boot2)
 .boot2         0x0000000010000000      0x100 /tmp/cc8ALjDT.o
                0x0000000010000100                __boot2_end__ = .
                0x0000000000000001                ASSERT (((__boot2_end__ - __boot2_start__) == 0x100), ERROR: Pico second stage bootloader must be 256 bytes in size)

.text           0x0000000010000100     0x1d90
                0x0000000010000100                __logical_binary_start = .
 *(.vectors)
 .vectors       0x0000000010000100       0xd4 CMakeFiles/led_test.dir/home/raahi/Projects/BLIMP/pico-sdk/src/rp2_common/pico_standard_link/crt0.S.obj
                0x0000000010000100                __vectors
                0x0000000010000100                __VECTOR_TABLE
                0x00000000100001c0                isr_invalid
                0x00000000100001c0                __default_isrs_start
                0x00000000100001c2                isr_nmi
                0x00000000100001c4                isr_hardfault
                0x00000000100001c6                isr_svcall
                0x00000000100001c8                isr_pendsv
                0x00000000100001ca                isr_systick
                0x00000000100001cc                isr_irq30
                0x00000000100001cc                __unhandled_user_irq
                0x00000000100001cc                isr_irq13
                0x00000000100001cc                isr_irq27
                0x00000000100001cc                isr_irq31
                0x00000000100001cc                isr_irq5
                0x00000000100001cc                isr_irq11
                0x00000000100001cc                isr_irq23
                0x00000000100001cc                isr_irq18
                0x00000000100001cc                isr_irq28
                0x00000000100001cc                isr_irq19
                0x00000000100001cc                isr_irq0
                0x00000000100001cc                isr_irq6
                0x00000000100001cc                isr_irq22
                0x00000000100001cc                isr_irq17
                0x00000000100001cc                isr_irq14
                0x00000000100001cc                isr_irq2
                0x00000000100001cc                isr_irq10
                0x00000000100001cc                isr_irq8
                0x00000000100001cc                isr_irq24
                0x00000000100001cc                isr_irq1
                0x00000000100001cc                isr_irq7
                0x00000000100001cc                isr_irq21
                0x00000000100001cc                isr_irq20
                0x00000000100001cc                isr_irq15
                0x00000000100001cc                isr_irq25
                0x00000000100001cc                isr_irq4
                0x00000000100001cc                isr_irq16
                0x00000000100001cc                isr_irq29
                0x00000000100001cc                isr_irq26
                0x00000000100001cc                __default_isrs_end
                0x00000000100001cc                isr_irq3
                0x00000000100001cc                isr_irq12
                0x00000000100001cc                isr_irq9
                0x00000000100001d2                unhandled_user_irq_num_in_r0
 *(.binary_info_header)
 .binary_info_header
                0x00000000100001d4       0x14 CMakeFiles/led_test.dir/home/raahi/Projects/BLIMP/pico-sdk/src/rp2_common/pico_standard_link/crt0.S.obj
                0x00000000100001e8                __binary_info_header_end = .
 *(.reset)
 .reset         0x00000000100001e8       0xa8 CMakeFiles/led_test.dir/home/raahi/Projects/BLIMP/pico-sdk/src/rp2_common/pico_standard_link/crt0.S.obj
                0x00000000100001e8                _entry_point
                0x0000000010000266                __get_current_exception
 .reset         0x0000000010000290       0x30 CMakeFiles/led_test.dir/home/raahi/Projects/BLIMP/pico-sdk/src/rp2_common/pico_standard_link/binary_info.c.obj
 *(.init)
 .init          0x00000000100002c0        0x4 /usr/lib/gcc/arm-none-eabi/12.2.0/thumb/v6-m/nofp/crti.o
                0x00000000100002c0                _init
 *(EXCLUDE_FILE(*libm.a: *libc.a:*lib_a-mem*.o *libgcc.a:) .text*)
 .text.frame_dummy
                0x00000000100002c4       0x20 /usr/lib/gcc/arm-none-eabi/12.2.0/thumb/v6-m/nofp/crtbegin.o
 .text.startup.main
                0x00000000100002e4       0x30 CMakeFiles/led_test.dir/led_test.c.obj
                0x00000000100002e4                main
 .text.gpio_init
                0x0000000010000314       0x3c CMakeFiles/led_test.dir/home/raahi/Projects/BLIMP/pico-sdk/src/rp2_common/hardware_gpio/gpio.c.obj
                0x0000000010000314                gpio_init
 .text.hw_claim_or_assert
                0x0000000010000350       0x44 CMakeFiles/led_test.dir/home/raahi/Projects/BLIMP/pico-sdk/src/rp2_common/hardware_claim/claim.c.obj
                0x0000000010000350                hw_claim_or_assert
 .text.running_on_fpga
                0x0000000010000394       0x10 CMakeFiles/led_test.dir/home/raahi/Projects/BLIMP/pico-sdk/src/rp2_common/pico_platform/platform.c.obj
                0x0000000010000394                running_on_fpga
 .text.spin_locks_reset
                0x00000000100003a4       0x1c CMakeFiles/led_test.dir/home/raahi/Projects/BLIMP/pico-sdk/src/rp2_common/hardware_sync/sync.c.obj
                0x00000000100003a4                spin_locks_reset
 .text.next_striped_spin_lock_num
                0x00000000100003c0       0x18 CMakeFiles/led_test.dir/home/raahi/Projects/BLIMP/pico-sdk/src/rp2_common/hardware_sync/sync.c.obj
                0x00000000100003c0                next_striped_spin_lock_num
 .text.irq_set_enabled
                0x00000000100003d8       0x24 CMakeFiles/led_test.dir/home/raahi/Projects/BLIMP/pico-sdk/src/rp2_common/hardware_irq/irq.c.obj
                0x00000000100003d8                irq_set_enabled
 .text.irq_get_vtable_handler
                0x00000000100003fc       0x10 CMakeFiles/led_test.dir/home/raahi/Projects/BLIMP/pico-sdk/src/rp2_common/hardware_irq/irq.c.obj
                0x00000000100003fc                irq_get_vtable_handler
 .text.irq_set_exclusive_handler
                0x000000001000040c       0x54 CMakeFiles/led_test.dir/home/raahi/Projects/BLIMP/pico-sdk/src/rp2_common/hardware_irq/irq.c.obj
                0x000000001000040c                irq_set_exclusive_handler
 .text.irq_remove_handler
                0x0000000010000460      0x1cc CMakeFiles/led_test.dir/home/raahi/Projects/BLIMP/pico-sdk/src/rp2_common/hardware_irq/irq.c.obj
                0x0000000010000460                irq_remove_handler
 .text.irq_add_tail_to_free_list
                0x000000001000062c       0xb4 CMakeFiles/led_test.dir/home/raahi/Projects/BLIMP/pico-sdk/src/rp2_common/hardware_irq/irq.c.obj
                0x000000001000062c                irq_add_tail_to_free_list
 .text.irq_init_priorities
                0x00000000100006e0       0x24 CMakeFiles/led_test.dir/home/raahi/Projects/BLIMP/pico-sdk/src/rp2_common/hardware_irq/irq.c.obj
                0x00000000100006e0                irq_init_priorities
 .text.lock_init
                0x0000000010000704       0x10 CMakeFiles/led_test.dir/home/raahi/Projects/BLIMP/pico-sdk/src/common/pico_sync/lock_core.c.obj
                0x0000000010000704                lock_init
 .text.timer_pool_entry_comparator
                0x0000000010000714       0x34 CMakeFiles/led_test.dir/home/raahi/Projects/BLIMP/pico-sdk/src/common/pico_time/time.c.obj
                0x0000000010000714                timer_pool_entry_comparator
 .text.sleep_until_callback
                0x0000000010000748       0x30 CMakeFiles/led_test.dir/home/raahi/Projects/BLIMP/pico-sdk/src/common/pico_time/time.c.obj
 .text.add_alarm_under_lock.isra.0
                0x0000000010000778       0xf8 CMakeFiles/led_test.dir/home/raahi/Projects/BLIMP/pico-sdk/src/common/pico_time/time.c.obj
 .text.alarm_pool_alarm_callback
                0x0000000010000870      0x1c4 CMakeFiles/led_test.dir/home/raahi/Projects/BLIMP/pico-sdk/src/common/pico_time/time.c.obj
 .text.alarm_pool_add_alarm_at.constprop.0
                0x0000000010000a34      0x114 CMakeFiles/led_test.dir/home/raahi/Projects/BLIMP/pico-sdk/src/common/pico_time/time.c.obj
 .text.alarm_pool_init_default
                0x0000000010000b48       0x64 CMakeFiles/led_test.dir/home/raahi/Projects/BLIMP/pico-sdk/src/common/pico_time/time.c.obj
                0x0000000010000b48                alarm_pool_init_default
 .text.sleep_until
                0x0000000010000bac       0xac CMakeFiles/led_test.dir/home/raahi/Projects/BLIMP/pico-sdk/src/common/pico_time/time.c.obj
                0x0000000010000bac                sleep_until
 .text.sleep_ms
                0x0000000010000c58       0x38 CMakeFiles/led_test.dir/home/raahi/Projects/BLIMP/pico-sdk/src/common/pico_time/time.c.obj
                0x0000000010000c58                sleep_ms
 .text.hardware_alarm_irq_handler
                0x0000000010000c90       0xb8 CMakeFiles/led_test.dir/home/raahi/Projects/BLIMP/pico-sdk/src/rp2_common/hardware_timer/timer.c.obj
 .text.hardware_alarm_claim
                0x0000000010000d48       0x18 CMakeFiles/led_test.dir/home/raahi/Projects/BLIMP/pico-sdk/src/rp2_common/hardware_timer/timer.c.obj
                0x0000000010000d48                hardware_alarm_claim
 .text.time_us_64
                0x0000000010000d60       0x14 CMakeFiles/led_test.dir/home/raahi/Projects/BLIMP/pico-sdk/src/rp2_common/hardware_timer/timer.c.obj
                0x0000000010000d60                time_us_64
 .text.busy_wait_until
                0x0000000010000d74       0x20 CMakeFiles/led_test.dir/home/raahi/Projects/BLIMP/pico-sdk/src/rp2_common/hardware_timer/timer.c.obj
                0x0000000010000d74                busy_wait_until
 .text.hardware_alarm_set_callback
                0x0000000010000d94       0x8c CMakeFiles/led_test.dir/home/raahi/Projects/BLIMP/pico-sdk/src/rp2_common/hardware_timer/timer.c.obj
                0x0000000010000d94                hardware_alarm_set_callback
 .text.hardware_alarm_set_target
                0x0000000010000e20       0xdc CMakeFiles/led_test.dir/home/raahi/Projects/BLIMP/pico-sdk/src/rp2_common/hardware_timer/timer.c.obj
                0x0000000010000e20                hardware_alarm_set_target
 .text.hardware_alarm_cancel
                0x0000000010000efc       0x3c CMakeFiles/led_test.dir/home/raahi/Projects/BLIMP/pico-sdk/src/rp2_common/hardware_timer/timer.c.obj
                0x0000000010000efc                hardware_alarm_cancel
 .text.ph_merge_nodes
                0x0000000010000f38       0x58 CMakeFiles/led_test.dir/home/raahi/Projects/BLIMP/pico-sdk/src/common/pico_util/pheap.c.obj
 .text.ph_post_alloc_init
                0x0000000010000f90       0x3c CMakeFiles/led_test.dir/home/raahi/Projects/BLIMP/pico-sdk/src/common/pico_util/pheap.c.obj
                0x0000000010000f90                ph_post_alloc_init
 .text.ph_merge_two_pass
                0x0000000010000fcc       0x8c CMakeFiles/led_test.dir/home/raahi/Projects/BLIMP/pico-sdk/src/common/pico_util/pheap.c.obj
                0x0000000010000fcc                ph_merge_two_pass
 .text.ph_remove_any_head
                0x0000000010001058      0x12c CMakeFiles/led_test.dir/home/raahi/Projects/BLIMP/pico-sdk/src/common/pico_util/pheap.c.obj
 .text.ph_remove_head
                0x0000000010001184      0x130 CMakeFiles/led_test.dir/home/raahi/Projects/BLIMP/pico-sdk/src/common/pico_util/pheap.c.obj
                0x0000000010001184                ph_remove_head
 .text.ph_remove_and_free_node
                0x00000000100012b4       0x78 CMakeFiles/led_test.dir/home/raahi/Projects/BLIMP/pico-sdk/src/common/pico_util/pheap.c.obj
                0x00000000100012b4                ph_remove_and_free_node
 .text.mutex_init
                0x000000001000132c       0x1c CMakeFiles/led_test.dir/home/raahi/Projects/BLIMP/pico-sdk/src/common/pico_sync/mutex.c.obj
                0x000000001000132c                mutex_init
 .text.recursive_mutex_init
                0x0000000010001348       0x1c CMakeFiles/led_test.dir/home/raahi/Projects/BLIMP/pico-sdk/src/common/pico_sync/mutex.c.obj
                0x0000000010001348                recursive_mutex_init
 .text.runtime_init
                0x0000000010001364       0xec CMakeFiles/led_test.dir/home/raahi/Projects/BLIMP/pico-sdk/src/rp2_common/pico_runtime/runtime.c.obj
                0x0000000010001364                runtime_init
 .text.exit     0x0000000010001450        0x4 CMakeFiles/led_test.dir/home/raahi/Projects/BLIMP/pico-sdk/src/rp2_common/pico_runtime/runtime.c.obj
                0x0000000010001450                exit
 .text.panic    0x0000000010001454       0x30 CMakeFiles/led_test.dir/home/raahi/Projects/BLIMP/pico-sdk/src/rp2_common/pico_runtime/runtime.c.obj
                0x0000000010001454                panic
 .text.hard_assertion_failure
                0x0000000010001484        0xc CMakeFiles/led_test.dir/home/raahi/Projects/BLIMP/pico-sdk/src/rp2_common/pico_runtime/runtime.c.obj
                0x0000000010001484                hard_assertion_failure
 .text.clocks_init
                0x0000000010001490      0x2b4 CMakeFiles/led_test.dir/home/raahi/Projects/BLIMP/pico-sdk/src/rp2_common/hardware_clocks/clocks.c.obj
                0x0000000010001490                clocks_init
 .text.pll_init
                0x0000000010001744       0xa8 CMakeFiles/led_test.dir/home/raahi/Projects/BLIMP/pico-sdk/src/rp2_common/hardware_pll/pll.c.obj
                0x0000000010001744                pll_init
 .text.watchdog_start_tick
                0x00000000100017ec       0x10 CMakeFiles/led_test.dir/home/raahi/Projects/BLIMP/pico-sdk/src/rp2_common/hardware_watchdog/watchdog.c.obj
                0x00000000100017ec                watchdog_start_tick
 .text.xosc_init
                0x00000000100017fc       0x28 CMakeFiles/led_test.dir/home/raahi/Projects/BLIMP/pico-sdk/src/rp2_common/hardware_xosc/xosc.c.obj
                0x00000000100017fc                xosc_init
 .text._out_char
                0x0000000010001824       0x10 CMakeFiles/led_test.dir/home/raahi/Projects/BLIMP/pico-sdk/src/rp2_common/pico_printf/printf.c.obj
 .text.weak_raw_vprintf
                0x0000000010001834       0x30 CMakeFiles/led_test.dir/home/raahi/Projects/BLIMP/pico-sdk/src/rp2_common/pico_printf/printf.c.obj
                0x0000000010001834                weak_raw_vprintf
 .text          0x0000000010001864       0x10 CMakeFiles/led_test.dir/home/raahi/Projects/BLIMP/pico-sdk/src/rp2_common/pico_bit_ops/bit_ops_aeabi.S.obj
 .text.rom_func_lookup
                0x0000000010001874       0x10 CMakeFiles/led_test.dir/home/raahi/Projects/BLIMP/pico-sdk/src/rp2_common/pico_bootrom/bootrom.c.obj
                0x0000000010001874                rom_func_lookup
 .text.rom_data_lookup
                0x0000000010001884       0x10 CMakeFiles/led_test.dir/home/raahi/Projects/BLIMP/pico-sdk/src/rp2_common/pico_bootrom/bootrom.c.obj
                0x0000000010001884                rom_data_lookup
 .text.rom_funcs_lookup
                0x0000000010001894       0x44 CMakeFiles/led_test.dir/home/raahi/Projects/BLIMP/pico-sdk/src/rp2_common/pico_bootrom/bootrom.c.obj
                0x0000000010001894                rom_funcs_lookup
 .text.__wrap___aeabi_uidiv
                0x00000000100018d8       0x4c CMakeFiles/led_test.dir/home/raahi/Projects/BLIMP/pico-sdk/src/rp2_common/pico_divider/divider.S.obj
                0x00000000100018d8                __wrap___aeabi_uidiv
                0x00000000100018d8                __wrap___aeabi_uidivmod
                0x00000000100018d8                div_u32u32
                0x00000000100018d8                divmod_u32u32
                0x00000000100018e0                divmod_u32u32_unsafe
                0x0000000010001908                divmod_u32u32_savestate
 .text.__aeabi_double_init
                0x0000000010001924       0x98 CMakeFiles/led_test.dir/home/raahi/Projects/BLIMP/pico-sdk/src/rp2_common/pico_double/double_init_rom.c.obj
                0x0000000010001924                __aeabi_double_init
 .text.double_table_shim_on_use_helper
                0x00000000100019bc       0x2c CMakeFiles/led_test.dir/home/raahi/Projects/BLIMP/pico-sdk/src/rp2_common/pico_double/double_v1_rom_shim.S.obj
                0x00000000100019bc                double_table_shim_on_use_helper
 .text.__aeabi_lmul
                0x00000000100019e8       0x32 CMakeFiles/led_test.dir/home/raahi/Projects/BLIMP/pico-sdk/src/rp2_common/pico_int64_ops/pico_int64_ops_aeabi.S.obj
                0x00000000100019e8                __wrap___aeabi_lmul
 *fill*         0x0000000010001a1a        0x2 
 .text.__aeabi_float_init
                0x0000000010001a1c       0x64 CMakeFiles/led_test.dir/home/raahi/Projects/BLIMP/pico-sdk/src/rp2_common/pico_float/float_init_rom.c.obj
                0x0000000010001a1c                __aeabi_float_init
 .text.float_table_shim_on_use_helper
                0x0000000010001a80       0x2c CMakeFiles/led_test.dir/home/raahi/Projects/BLIMP/pico-sdk/src/rp2_common/pico_float/float_v1_rom_shim.S.obj
                0x0000000010001a80                float_table_shim_on_use_helper
 .text          0x0000000010001aac       0x10 CMakeFiles/led_test.dir/home/raahi/Projects/BLIMP/pico-sdk/src/rp2_common/pico_mem_ops/mem_ops_aeabi.S.obj
                0x0000000010001aac                __aeabi_mem_init
 .text.memcpy   0x0000000010001abc        0xc CMakeFiles/led_test.dir/home/raahi/Projects/BLIMP/pico-sdk/src/rp2_common/pico_mem_ops/mem_ops_aeabi.S.obj
                0x0000000010001abc                __wrap___aeabi_memcpy
                0x0000000010001abc                __wrap_memcpy
 .text.stdio_out_chars_crlf
                0x0000000010001ac8       0x94 CMakeFiles/led_test.dir/home/raahi/Projects/BLIMP/pico-sdk/src/rp2_common/pico_stdio/stdio.c.obj
 .text.__wrap_putchar
                0x0000000010001b5c       0xa4 CMakeFiles/led_test.dir/home/raahi/Projects/BLIMP/pico-sdk/src/rp2_common/pico_stdio/stdio.c.obj
                0x0000000010001b5c                __wrap_putchar
 .text.__wrap_puts
                0x0000000010001c00       0xe8 CMakeFiles/led_test.dir/home/raahi/Projects/BLIMP/pico-sdk/src/rp2_common/pico_stdio/stdio.c.obj
                0x0000000010001c00                __wrap_puts
 .text.atexit   0x0000000010001ce8       0x10 /usr/lib/gcc/arm-none-eabi/12.2.0/../../../../arm-none-eabi/lib/thumb/v6-m/nofp/libc.a(lib_a-atexit.o)
                0x0000000010001ce8                atexit
 .text.__libc_fini_array
                0x0000000010001cf8       0x28 /usr/lib/gcc/arm-none-eabi/12.2.0/../../../../arm-none-eabi/lib/thumb/v6-m/nofp/libc.a(lib_a-fini.o)
                0x0000000010001cf8                __libc_fini_array
 .text.strlen   0x0000000010001d20       0x5c /usr/lib/gcc/arm-none-eabi/12.2.0/../../../../arm-none-eabi/lib/thumb/v6-m/nofp/libc.a(lib_a-strlen-stub.o)
                0x0000000010001d20                strlen
 .text.__register_exitproc
                0x0000000010001d7c       0xac /usr/lib/gcc/arm-none-eabi/12.2.0/../../../../arm-none-eabi/lib/thumb/v6-m/nofp/libc.a(lib_a-__atexit.o)
                0x0000000010001d7c                __register_exitproc
 .text.startup.register_fini
                0x0000000010001e28       0x18 /usr/lib/gcc/arm-none-eabi/12.2.0/../../../../arm-none-eabi/lib/thumb/v6-m/nofp/libc.a(lib_a-__call_atexit.o)
 .text.__retarget_lock_acquire_recursive
                0x0000000010001e40        0x4 /usr/lib/gcc/arm-none-eabi/12.2.0/../../../../arm-none-eabi/lib/thumb/v6-m/nofp/libc.a(lib_a-lock.o)
                0x0000000010001e40                __retarget_lock_acquire_recursive
 .text.__retarget_lock_release_recursive
                0x0000000010001e44        0x4 /usr/lib/gcc/arm-none-eabi/12.2.0/../../../../arm-none-eabi/lib/thumb/v6-m/nofp/libc.a(lib_a-lock.o)
                0x0000000010001e44                __retarget_lock_release_recursive
 *(.fini)
 .fini          0x0000000010001e48        0x4 /usr/lib/gcc/arm-none-eabi/12.2.0/thumb/v6-m/nofp/crti.o
                0x0000000010001e48                _fini
 *fill*         0x0000000010001e4c        0x4 
 .fini.__stub   0x0000000010001e50       0x40 linker stubs
 *crtbegin.o(.ctors)
 *crtbegin?.o(.ctors)
 *(EXCLUDE_FILE(*crtend.o *crtend?.o) .ctors)
 *(SORT_BY_NAME(.ctors.*))
 *(.ctors)
 *crtbegin.o(.dtors)
 *crtbegin?.o(.dtors)
 *(EXCLUDE_FILE(*crtend.o *crtend?.o) .dtors)
 *(SORT_BY_NAME(.dtors.*))
 *(.dtors)
 *(.eh_frame*)
 .eh_frame      0x0000000010001e90        0x0 /usr/lib/gcc/arm-none-eabi/12.2.0/thumb/v6-m/nofp/crtbegin.o
                0x0000000010001e90                . = ALIGN (0x4)

.glue_7         0x0000000010001e90        0x0
 .glue_7        0x0000000010001e90        0x0 linker stubs

.glue_7t        0x0000000010001e90        0x0
 .glue_7t       0x0000000010001e90        0x0 linker stubs

.vfp11_veneer   0x0000000010001e90        0x0
 .vfp11_veneer  0x0000000010001e90        0x0 linker stubs

.v4_bx          0x0000000010001e90        0x0
 .v4_bx         0x0000000010001e90        0x0 linker stubs

.iplt           0x0000000010001e90        0x0
 .iplt          0x0000000010001e90        0x0 /usr/lib/gcc/arm-none-eabi/12.2.0/thumb/v6-m/nofp/crtbegin.o

.rodata         0x0000000010001e90       0xb4
 *(EXCLUDE_FILE(*libm.a: *libc.a:*lib_a-mem*.o *libgcc.a:) .rodata*)
 .rodata.main.str1.4
                0x0000000010001e90        0x4 CMakeFiles/led_test.dir/led_test.c.obj
 .rodata.hardware_alarm_claim.str1.4
                0x0000000010001e94       0x22 CMakeFiles/led_test.dir/home/raahi/Projects/BLIMP/pico-sdk/src/rp2_common/hardware_timer/timer.c.obj
 *fill*         0x0000000010001eb6        0x2 
 .rodata.panic.str1.4
                0x0000000010001eb8       0x12 CMakeFiles/led_test.dir/home/raahi/Projects/BLIMP/pico-sdk/src/rp2_common/pico_runtime/runtime.c.obj
 *fill*         0x0000000010001eca        0x2 
 .rodata.hard_assertion_failure.str1.4
                0x0000000010001ecc        0xc CMakeFiles/led_test.dir/home/raahi/Projects/BLIMP/pico-sdk/src/rp2_common/pico_runtime/runtime.c.obj
 .rodata.str1.4
                0x0000000010001ed8       0x40 CMakeFiles/led_test.dir/home/raahi/Projects/BLIMP/pico-sdk/src/rp2_common/pico_standard_link/binary_info.c.obj
 .rodata.__bi_81
                0x0000000010001f18        0xc CMakeFiles/led_test.dir/home/raahi/Projects/BLIMP/pico-sdk/src/rp2_common/pico_standard_link/binary_info.c.obj
 .rodata.__bi_75
                0x0000000010001f24        0xc CMakeFiles/led_test.dir/home/raahi/Projects/BLIMP/pico-sdk/src/rp2_common/pico_standard_link/binary_info.c.obj
 .rodata.__bi_44
                0x0000000010001f30        0xc CMakeFiles/led_test.dir/home/raahi/Projects/BLIMP/pico-sdk/src/rp2_common/pico_standard_link/binary_info.c.obj
 .rodata.crlf_str.0
                0x0000000010001f3c        0x2 CMakeFiles/led_test.dir/home/raahi/Projects/BLIMP/pico-sdk/src/rp2_common/pico_stdio/stdio.c.obj
 *fill*         0x0000000010001f3e        0x2 
 .rodata._global_impure_ptr
                0x0000000010001f40        0x4 /usr/lib/gcc/arm-none-eabi/12.2.0/../../../../arm-none-eabi/lib/thumb/v6-m/nofp/libc.a(lib_a-impure.o)
                0x0000000010001f40                _global_impure_ptr
                0x0000000010001f44                . = ALIGN (0x4)
 *(SORT_BY_ALIGNMENT(SORT_BY_NAME(.flashdata*)))
                0x0000000010001f44                . = ALIGN (0x4)

.rel.dyn        0x0000000010001f44        0x0
 .rel.iplt      0x0000000010001f44        0x0 /usr/lib/gcc/arm-none-eabi/12.2.0/thumb/v6-m/nofp/crtbegin.o

.ARM.extab
 *(.ARM.extab* .gnu.linkonce.armextab.*)
                0x0000000010001f44                __exidx_start = .

.ARM.exidx
 *(.ARM.exidx* .gnu.linkonce.armexidx.*)
                0x0000000010001f44                __exidx_end = .
                0x0000000010001f44                . = ALIGN (0x4)
                0x0000000010001f44                __binary_info_start = .

.binary_info    0x0000000010001f44       0x1c
 *(.binary_info.keep.*)
 .binary_info.keep.__bi_ptr81
                0x0000000010001f44        0x4 CMakeFiles/led_test.dir/home/raahi/Projects/BLIMP/pico-sdk/src/rp2_common/pico_standard_link/binary_info.c.obj
 .binary_info.keep.__bi_ptr75
                0x0000000010001f48        0x4 CMakeFiles/led_test.dir/home/raahi/Projects/BLIMP/pico-sdk/src/rp2_common/pico_standard_link/binary_info.c.obj
 .binary_info.keep.__bi_ptr50
                0x0000000010001f4c        0x4 CMakeFiles/led_test.dir/home/raahi/Projects/BLIMP/pico-sdk/src/rp2_common/pico_standard_link/binary_info.c.obj
 .binary_info.keep.__bi_ptr44
                0x0000000010001f50        0x4 CMakeFiles/led_test.dir/home/raahi/Projects/BLIMP/pico-sdk/src/rp2_common/pico_standard_link/binary_info.c.obj
 .binary_info.keep.__bi_ptr38
                0x0000000010001f54        0x4 CMakeFiles/led_test.dir/home/raahi/Projects/BLIMP/pico-sdk/src/rp2_common/pico_standard_link/binary_info.c.obj
 .binary_info.keep.__bi_ptr30
                0x0000000010001f58        0x4 CMakeFiles/led_test.dir/home/raahi/Projects/BLIMP/pico-sdk/src/rp2_common/pico_standard_link/binary_info.c.obj
 .binary_info.keep.__bi_ptr22
                0x0000000010001f5c        0x4 CMakeFiles/led_test.dir/home/raahi/Projects/BLIMP/pico-sdk/src/rp2_common/pico_standard_link/binary_info.c.obj
 *(.binary_info.*)
                0x0000000010001f60                __binary_info_end = .
                0x0000000010001f60                . = ALIGN (0x4)
                0x0000000010001f60                __etext = .

.ram_vector_table
                0x0000000020000000       0xc0
 *(.ram_vector_table)
 .ram_vector_table
                0x0000000020000000       0xc0 CMakeFiles/led_test.dir/home/raahi/Projects/BLIMP/pico-sdk/src/rp2_common/pico_runtime/runtime.c.obj
                0x0000000020000000                ram_vector_table

.data           0x00000000200000c0      0x59c load address 0x0000000010001f60
                0x00000000200000c0                __data_start__ = .
 *(vtable)
 *(.time_critical*)
 .time_critical.mutex_enter_blocking
                0x00000000200000c0       0x48 CMakeFiles/led_test.dir/home/raahi/Projects/BLIMP/pico-sdk/src/common/pico_sync/mutex.c.obj
                0x00000000200000c0                mutex_enter_blocking
 .time_critical.mutex_try_enter
                0x0000000020000108       0x40 CMakeFiles/led_test.dir/home/raahi/Projects/BLIMP/pico-sdk/src/common/pico_sync/mutex.c.obj
                0x0000000020000108                mutex_try_enter
 .time_critical.mutex_exit
                0x0000000020000148       0x28 CMakeFiles/led_test.dir/home/raahi/Projects/BLIMP/pico-sdk/src/common/pico_sync/mutex.c.obj
                0x0000000020000148                mutex_exit
 *(.text*)
 .text          0x0000000020000170        0x4 /usr/lib/gcc/arm-none-eabi/12.2.0/thumb/v6-m/nofp/libgcc.a(_dvmd_tls.o)
                0x0000000020000170                __aeabi_ldiv0
                0x0000000020000170                __aeabi_idiv0
                0x0000000020000174                . = ALIGN (0x4)
 *(.rodata*)
                0x0000000020000174                . = ALIGN (0x4)
 *(.data*)
 .data.striped_spin_lock_num
                0x0000000020000174        0x1 CMakeFiles/led_test.dir/home/raahi/Projects/BLIMP/pico-sdk/src/rp2_common/hardware_sync/sync.c.obj
 *fill*         0x0000000020000175        0x3 
 .data          0x0000000020000178       0x48 CMakeFiles/led_test.dir/home/raahi/Projects/BLIMP/pico-sdk/src/rp2_common/hardware_irq/irq_handler_chain.S.obj
                0x0000000020000178                irq_handler_chain_slots
                0x00000000200001a8                irq_handler_chain_first_slot
                0x00000000200001b2                irq_handler_chain_remove_tail
 .data.default_alarm_pool
                0x00000000200001c0       0x18 CMakeFiles/led_test.dir/home/raahi/Projects/BLIMP/pico-sdk/src/common/pico_time/time.c.obj
 .data.default_alarm_pool_heap
                0x00000000200001d8       0x10 CMakeFiles/led_test.dir/home/raahi/Projects/BLIMP/pico-sdk/src/common/pico_time/time.c.obj
 *fill*         0x00000000200001e8        0x8 
 .data.aeabi_bits_funcs
                0x00000000200001f0       0x10 CMakeFiles/led_test.dir/home/raahi/Projects/BLIMP/pico-sdk/src/rp2_common/pico_bit_ops/bit_ops_aeabi.S.obj
                0x00000000200001f0                aeabi_bits_funcs
                0x0000000020000200                aeabi_bits_funcs_end
 .data.aeabi_mem_funcs
                0x0000000020000200       0x10 CMakeFiles/led_test.dir/home/raahi/Projects/BLIMP/pico-sdk/src/rp2_common/pico_mem_ops/mem_ops_aeabi.S.obj
                0x0000000020000200                aeabi_mem_funcs
                0x0000000020000210                aeabi_mem_funcs_end
 .data.impure_data
                0x0000000020000210      0x428 /usr/lib/gcc/arm-none-eabi/12.2.0/../../../../arm-none-eabi/lib/thumb/v6-m/nofp/libc.a(lib_a-impure.o)
 .data.__atexit_recursive_mutex
                0x0000000020000638        0x4 /usr/lib/gcc/arm-none-eabi/12.2.0/../../../../arm-none-eabi/lib/thumb/v6-m/nofp/libc.a(lib_a-__call_atexit.o)
                0x0000000020000638                __atexit_recursive_mutex
                0x000000002000063c                . = ALIGN (0x4)
 *(.after_data.*)
                0x000000002000063c                . = ALIGN (0x4)
                0x000000002000063c                PROVIDE (__mutex_array_start = .)
 *(SORT_BY_NAME(.mutex_array.*))
 *(.mutex_array)
 .mutex_array   0x000000002000063c        0x8 CMakeFiles/led_test.dir/home/raahi/Projects/BLIMP/pico-sdk/src/rp2_common/pico_stdio/stdio.c.obj
                0x0000000020000644                PROVIDE (__mutex_array_end = .)
                0x0000000020000644                . = ALIGN (0x4)
                0x0000000020000644                PROVIDE (__preinit_array_start = .)
 *(SORT_BY_NAME(.preinit_array.*))
 .preinit_array.00001
                0x0000000020000644        0x4 CMakeFiles/led_test.dir/home/raahi/Projects/BLIMP/pico-sdk/src/rp2_common/pico_mem_ops/mem_ops_aeabi.S.obj
 .preinit_array.00010
                0x0000000020000648        0x4 CMakeFiles/led_test.dir/home/raahi/Projects/BLIMP/pico-sdk/src/rp2_common/pico_bit_ops/bit_ops_aeabi.S.obj
 .preinit_array.00020
                0x000000002000064c        0x4 CMakeFiles/led_test.dir/home/raahi/Projects/BLIMP/pico-sdk/src/rp2_common/pico_double/double_aeabi.S.obj
 .preinit_array.00020
                0x0000000020000650        0x4 CMakeFiles/led_test.dir/home/raahi/Projects/BLIMP/pico-sdk/src/rp2_common/pico_float/float_aeabi.S.obj
 *(.preinit_array)
                0x0000000020000654                PROVIDE (__preinit_array_end = .)
                0x0000000020000654                . = ALIGN (0x4)
                0x0000000020000654                PROVIDE (__init_array_start = .)
 *(SORT_BY_NAME(.init_array.*))
 .init_array.00000
                0x0000000020000654        0x4 /usr/lib/gcc/arm-none-eabi/12.2.0/../../../../arm-none-eabi/lib/thumb/v6-m/nofp/libc.a(lib_a-__call_atexit.o)
 *(.init_array)
 .init_array    0x0000000020000658        0x4 /usr/lib/gcc/arm-none-eabi/12.2.0/thumb/v6-m/nofp/crtbegin.o
                0x000000002000065c                PROVIDE (__init_array_end = .)
                0x000000002000065c                . = ALIGN (0x4)
                0x000000002000065c                PROVIDE (__fini_array_start = .)
 *(SORT_BY_NAME(.fini_array.*))
 *(.fini_array)
                0x000000002000065c                PROVIDE (__fini_array_end = .)
 *(.jcr)
                0x000000002000065c                . = ALIGN (0x4)
                0x000000002000065c                __data_end__ = .

.igot.plt       0x000000002000065c        0x0 load address 0x00000000100024fc
 .igot.plt      0x000000002000065c        0x0 /usr/lib/gcc/arm-none-eabi/12.2.0/thumb/v6-m/nofp/crtbegin.o

.uninitialized_data
                0x000000002000065c        0x0 load address 0x00000000100024fc
                0x000000002000065c                . = ALIGN (0x4)
 *(.uninitialized_data*)

.scratch_x      0x0000000020040000        0x0 load address 0x00000000100024fc
                0x0000000020040000                __scratch_x_start__ = .
 *(.scratch_x.*)
                0x0000000020040000                . = ALIGN (0x4)
                0x0000000020040000                __scratch_x_end__ = .
                0x00000000100024fc                __scratch_x_source__ = LOADADDR (.scratch_x)

.scratch_y      0x0000000020041000        0x0 load address 0x00000000100024fc
                0x0000000020041000                __scratch_y_start__ = .
 *(.scratch_y.*)
                0x0000000020041000                . = ALIGN (0x4)
                0x0000000020041000                __scratch_y_end__ = .
                0x00000000100024fc                __scratch_y_source__ = LOADADDR (.scratch_y)

.bss            0x0000000020000660      0x3cc
                0x0000000020000660                . = ALIGN (0x4)
                0x0000000020000660                __bss_start__ = .
 *(SORT_BY_ALIGNMENT(SORT_BY_NAME(.bss*)))
 .bss.configured_freq
                0x0000000020000660       0x28 CMakeFiles/led_test.dir/home/raahi/Projects/BLIMP/pico-sdk/src/rp2_common/hardware_clocks/clocks.c.obj
 .bss.default_alarm_pool_entries
                0x0000000020000688      0x100 CMakeFiles/led_test.dir/home/raahi/Projects/BLIMP/pico-sdk/src/common/pico_time/time.c.obj
 .bss.sd_table  0x0000000020000788      0x100 CMakeFiles/led_test.dir/home/raahi/Projects/BLIMP/pico-sdk/src/rp2_common/pico_double/double_init_rom.c.obj
                0x0000000020000788                sd_table
 .bss.sf_table  0x0000000020000888      0x100 CMakeFiles/led_test.dir/home/raahi/Projects/BLIMP/pico-sdk/src/rp2_common/pico_float/float_init_rom.c.obj
                0x0000000020000888                sf_table
 .bss.__lock___atexit_recursive_mutex
                0x0000000020000988        0x1 /usr/lib/gcc/arm-none-eabi/12.2.0/../../../../arm-none-eabi/lib/thumb/v6-m/nofp/libc.a(lib_a-lock.o)
                0x0000000020000988                __lock___atexit_recursive_mutex
 *fill*         0x0000000020000989        0x3 
 .bss.alarm_callbacks
                0x000000002000098c       0x10 CMakeFiles/led_test.dir/home/raahi/Projects/BLIMP/pico-sdk/src/rp2_common/hardware_timer/timer.c.obj
 .bss.default_alarm_pool_entry_ids_high
                0x000000002000099c       0x10 CMakeFiles/led_test.dir/home/raahi/Projects/BLIMP/pico-sdk/src/common/pico_time/time.c.obj
 .bss.default_alarm_pool_heap_nodes
                0x00000000200009ac       0x30 CMakeFiles/led_test.dir/home/raahi/Projects/BLIMP/pico-sdk/src/common/pico_time/time.c.obj
 .bss.drivers   0x00000000200009dc        0x4 CMakeFiles/led_test.dir/home/raahi/Projects/BLIMP/pico-sdk/src/rp2_common/pico_stdio/stdio.c.obj
 .bss.filter    0x00000000200009e0        0x4 CMakeFiles/led_test.dir/home/raahi/Projects/BLIMP/pico-sdk/src/rp2_common/pico_stdio/stdio.c.obj
 .bss.lazy_vsnprintf
                0x00000000200009e4        0x4 CMakeFiles/led_test.dir/home/raahi/Projects/BLIMP/pico-sdk/src/rp2_common/pico_printf/printf.c.obj
 .bss.object.0  0x00000000200009e8       0x18 /usr/lib/gcc/arm-none-eabi/12.2.0/thumb/v6-m/nofp/crtbegin.o
 .bss.pools     0x0000000020000a00       0x10 CMakeFiles/led_test.dir/home/raahi/Projects/BLIMP/pico-sdk/src/common/pico_time/time.c.obj
 .bss.sf_clz_func
                0x0000000020000a10        0x4 CMakeFiles/led_test.dir/home/raahi/Projects/BLIMP/pico-sdk/src/rp2_common/pico_double/double_init_rom.c.obj
                0x0000000020000a10                sf_clz_func
 .bss.sleep_notifier
                0x0000000020000a14        0x4 CMakeFiles/led_test.dir/home/raahi/Projects/BLIMP/pico-sdk/src/common/pico_time/time.c.obj
 .bss.target_hi
                0x0000000020000a18       0x10 CMakeFiles/led_test.dir/home/raahi/Projects/BLIMP/pico-sdk/src/rp2_common/hardware_timer/timer.c.obj
 .bss.claimed   0x0000000020000a28        0x1 CMakeFiles/led_test.dir/home/raahi/Projects/BLIMP/pico-sdk/src/rp2_common/hardware_timer/timer.c.obj
 .bss.irq_hander_chain_free_slot_head
                0x0000000020000a29        0x1 CMakeFiles/led_test.dir/home/raahi/Projects/BLIMP/pico-sdk/src/rp2_common/hardware_irq/irq.c.obj
 .bss.timer_callbacks_pending
                0x0000000020000a2a        0x1 CMakeFiles/led_test.dir/home/raahi/Projects/BLIMP/pico-sdk/src/rp2_common/hardware_timer/timer.c.obj
 *(COMMON)
                0x0000000020000a2c                . = ALIGN (0x4)
 *fill*         0x0000000020000a2b        0x1 
                0x0000000020000a2c                __bss_end__ = .

.heap           0x0000000020000a2c      0x800
                0x0000000020000a2c                __end__ = .
                0x0000000020000a2c                end = __end__
 *(.heap*)
 .heap          0x0000000020000a2c      0x800 CMakeFiles/led_test.dir/home/raahi/Projects/BLIMP/pico-sdk/src/rp2_common/pico_standard_link/crt0.S.obj
                0x000000002000122c                __HeapLimit = .

.stack1_dummy
 *(.stack1*)

.stack_dummy    0x0000000020041000      0x800
 *(.stack*)
 .stack         0x0000000020041000      0x800 CMakeFiles/led_test.dir/home/raahi/Projects/BLIMP/pico-sdk/src/rp2_common/pico_standard_link/crt0.S.obj

.flash_end      0x00000000100024fc        0x0
                0x00000000100024fc                __flash_binary_end = .
                0x0000000020040000                __StackLimit = (ORIGIN (RAM) + LENGTH (RAM))
                0x0000000020041000                __StackOneTop = (ORIGIN (SCRATCH_X) + LENGTH (SCRATCH_X))
                0x0000000020042000                __StackTop = (ORIGIN (SCRATCH_Y) + LENGTH (SCRATCH_Y))
                0x0000000020041000                __StackOneBottom = (__StackOneTop - SIZEOF (.stack1_dummy))
                0x0000000020041800                __StackBottom = (__StackTop - SIZEOF (.stack_dummy))
                0x0000000020042000                PROVIDE (__stack = __StackTop)
                0x0000000000000001                ASSERT ((__StackLimit >= __HeapLimit), region RAM overflowed)
                0x0000000000000001                ASSERT (((__binary_info_header_end - __logical_binary_start) <= 0x100), Binary info must be in first 256 bytes of the binary)
LOAD CMakeFiles/led_test.dir/led_test.c.obj
LOAD CMakeFiles/led_test.dir/home/raahi/Projects/BLIMP/pico-sdk/src/rp2_common/pico_stdlib/stdlib.c.obj
LOAD CMakeFiles/led_test.dir/home/raahi/Projects/BLIMP/pico-sdk/src/rp2_common/hardware_gpio/gpio.c.obj
LOAD CMakeFiles/led_test.dir/home/raahi/Projects/BLIMP/pico-sdk/src/rp2_common/hardware_claim/claim.c.obj
LOAD CMakeFiles/led_test.dir/home/raahi/Projects/BLIMP/pico-sdk/src/rp2_common/pico_platform/platform.c.obj
LOAD CMakeFiles/led_test.dir/home/raahi/Projects/BLIMP/pico-sdk/src/rp2_common/hardware_sync/sync.c.obj
LOAD CMakeFiles/led_test.dir/home/raahi/Projects/BLIMP/pico-sdk/src/rp2_common/hardware_irq/irq.c.obj
LOAD CMakeFiles/led_test.dir/home/raahi/Projects/BLIMP/pico-sdk/src/rp2_common/hardware_irq/irq_handler_chain.S.obj
LOAD CMakeFiles/led_test.dir/home/raahi/Projects/BLIMP/pico-sdk/src/common/pico_sync/sem.c.obj
LOAD CMakeFiles/led_test.dir/home/raahi/Projects/BLIMP/pico-sdk/src/common/pico_sync/lock_core.c.obj
LOAD CMakeFiles/led_test.dir/home/raahi/Projects/BLIMP/pico-sdk/src/common/pico_time/time.c.obj
LOAD CMakeFiles/led_test.dir/home/raahi/Projects/BLIMP/pico-sdk/src/common/pico_time/timeout_helper.c.obj
LOAD CMakeFiles/led_test.dir/home/raahi/Projects/BLIMP/pico-sdk/src/rp2_common/hardware_timer/timer.c.obj
LOAD CMakeFiles/led_test.dir/home/raahi/Projects/BLIMP/pico-sdk/src/common/pico_util/datetime.c.obj
LOAD CMakeFiles/led_test.dir/home/raahi/Projects/BLIMP/pico-sdk/src/common/pico_util/pheap.c.obj
LOAD CMakeFiles/led_test.dir/home/raahi/Projects/BLIMP/pico-sdk/src/common/pico_util/queue.c.obj
LOAD CMakeFiles/led_test.dir/home/raahi/Projects/BLIMP/pico-sdk/src/common/pico_sync/mutex.c.obj
LOAD CMakeFiles/led_test.dir/home/raahi/Projects/BLIMP/pico-sdk/src/common/pico_sync/critical_section.c.obj
LOAD CMakeFiles/led_test.dir/home/raahi/Projects/BLIMP/pico-sdk/src/rp2_common/hardware_uart/uart.c.obj
LOAD CMakeFiles/led_test.dir/home/raahi/Projects/BLIMP/pico-sdk/src/rp2_common/hardware_divider/divider.S.obj
LOAD CMakeFiles/led_test.dir/home/raahi/Projects/BLIMP/pico-sdk/src/rp2_common/pico_runtime/runtime.c.obj
LOAD CMakeFiles/led_test.dir/home/raahi/Projects/BLIMP/pico-sdk/src/rp2_common/hardware_clocks/clocks.c.obj
LOAD CMakeFiles/led_test.dir/home/raahi/Projects/BLIMP/pico-sdk/src/rp2_common/hardware_pll/pll.c.obj
LOAD CMakeFiles/led_test.dir/home/raahi/Projects/BLIMP/pico-sdk/src/rp2_common/hardware_vreg/vreg.c.obj
LOAD CMakeFiles/led_test.dir/home/raahi/Projects/BLIMP/pico-sdk/src/rp2_common/hardware_watchdog/watchdog.c.obj
LOAD CMakeFiles/led_test.dir/home/raahi/Projects/BLIMP/pico-sdk/src/rp2_common/hardware_xosc/xosc.c.obj
LOAD CMakeFiles/led_test.dir/home/raahi/Projects/BLIMP/pico-sdk/src/rp2_common/pico_printf/printf.c.obj
LOAD CMakeFiles/led_test.dir/home/raahi/Projects/BLIMP/pico-sdk/src/rp2_common/pico_bit_ops/bit_ops_aeabi.S.obj
LOAD CMakeFiles/led_test.dir/home/raahi/Projects/BLIMP/pico-sdk/src/rp2_common/pico_bootrom/bootrom.c.obj
LOAD CMakeFiles/led_test.dir/home/raahi/Projects/BLIMP/pico-sdk/src/rp2_common/pico_divider/divider.S.obj
LOAD CMakeFiles/led_test.dir/home/raahi/Projects/BLIMP/pico-sdk/src/rp2_common/pico_double/double_aeabi.S.obj
LOAD CMakeFiles/led_test.dir/home/raahi/Projects/BLIMP/pico-sdk/src/rp2_common/pico_double/double_init_rom.c.obj
LOAD CMakeFiles/led_test.dir/home/raahi/Projects/BLIMP/pico-sdk/src/rp2_common/pico_double/double_math.c.obj
LOAD CMakeFiles/led_test.dir/home/raahi/Projects/BLIMP/pico-sdk/src/rp2_common/pico_double/double_v1_rom_shim.S.obj
LOAD CMakeFiles/led_test.dir/home/raahi/Projects/BLIMP/pico-sdk/src/rp2_common/pico_int64_ops/pico_int64_ops_aeabi.S.obj
LOAD CMakeFiles/led_test.dir/home/raahi/Projects/BLIMP/pico-sdk/src/rp2_common/pico_float/float_aeabi.S.obj
LOAD CMakeFiles/led_test.dir/home/raahi/Projects/BLIMP/pico-sdk/src/rp2_common/pico_float/float_init_rom.c.obj
LOAD CMakeFiles/led_test.dir/home/raahi/Projects/BLIMP/pico-sdk/src/rp2_common/pico_float/float_math.c.obj
LOAD CMakeFiles/led_test.dir/home/raahi/Projects/BLIMP/pico-sdk/src/rp2_common/pico_float/float_v1_rom_shim.S.obj
LOAD CMakeFiles/led_test.dir/home/raahi/Projects/BLIMP/pico-sdk/src/rp2_common/pico_malloc/pico_malloc.c.obj
LOAD CMakeFiles/led_test.dir/home/raahi/Projects/BLIMP/pico-sdk/src/rp2_common/pico_mem_ops/mem_ops_aeabi.S.obj
LOAD CMakeFiles/led_test.dir/home/raahi/Projects/BLIMP/pico-sdk/src/rp2_common/pico_standard_link/crt0.S.obj
LOAD CMakeFiles/led_test.dir/home/raahi/Projects/BLIMP/pico-sdk/src/rp2_common/pico_standard_link/new_delete.cpp.obj
LOAD CMakeFiles/led_test.dir/home/raahi/Projects/BLIMP/pico-sdk/src/rp2_common/pico_standard_link/binary_info.c.obj
LOAD CMakeFiles/led_test.dir/home/raahi/Projects/BLIMP/pico-sdk/src/rp2_common/pico_stdio/stdio.c.obj
LOAD CMakeFiles/led_test.dir/home/raahi/Projects/BLIMP/pico-sdk/src/rp2_common/pico_stdio_uart/stdio_uart.c.obj
LOAD /tmp/cc8ALjDT.o
LOAD /usr/lib/gcc/arm-none-eabi/12.2.0/../../../../arm-none-eabi/lib/thumb/v6-m/nofp/libstdc++.a
LOAD /usr/lib/gcc/arm-none-eabi/12.2.0/../../../../arm-none-eabi/lib/thumb/v6-m/nofp/libm.a
START GROUP
LOAD /usr/lib/gcc/arm-none-eabi/12.2.0/thumb/v6-m/nofp/libgcc.a
LOAD /usr/lib/gcc/arm-none-eabi/12.2.0/../../../../arm-none-eabi/lib/thumb/v6-m/nofp/libc.a
END GROUP
START GROUP
LOAD /usr/lib/gcc/arm-none-eabi/12.2.0/thumb/v6-m/nofp/libgcc.a
LOAD /usr/lib/gcc/arm-none-eabi/12.2.0/../../../../arm-none-eabi/lib/thumb/v6-m/nofp/libc.a
LOAD /usr/lib/gcc/arm-none-eabi/12.2.0/../../../../arm-none-eabi/lib/thumb/v6-m/nofp/libnosys.a
END GROUP
LOAD /usr/lib/gcc/arm-none-eabi/12.2.0/thumb/v6-m/nofp/crtend.o
LOAD /usr/lib/gcc/arm-none-eabi/12.2.0/thumb/v6-m/nofp/crtn.o
OUTPUT(led_test.elf elf32-littlearm)
LOAD linker stubs

.ARM.attributes
                0x0000000000000000       0x28
 .ARM.attributes
                0x0000000000000000       0x1e /usr/lib/gcc/arm-none-eabi/12.2.0/thumb/v6-m/nofp/crti.o
 .ARM.attributes
                0x000000000000001e       0x2c /usr/lib/gcc/arm-none-eabi/12.2.0/thumb/v6-m/nofp/crtbegin.o
 .ARM.attributes
                0x000000000000004a       0x2c CMakeFiles/led_test.dir/led_test.c.obj
 .ARM.attributes
                0x0000000000000076       0x2c CMakeFiles/led_test.dir/home/raahi/Projects/BLIMP/pico-sdk/src/rp2_common/hardware_gpio/gpio.c.obj
 .ARM.attributes
                0x00000000000000a2       0x2c CMakeFiles/led_test.dir/home/raahi/Projects/BLIMP/pico-sdk/src/rp2_common/hardware_claim/claim.c.obj
 .ARM.attributes
                0x00000000000000ce       0x2c CMakeFiles/led_test.dir/home/raahi/Projects/BLIMP/pico-sdk/src/rp2_common/pico_platform/platform.c.obj
 .ARM.attributes
                0x00000000000000fa       0x2c CMakeFiles/led_test.dir/home/raahi/Projects/BLIMP/pico-sdk/src/rp2_common/hardware_sync/sync.c.obj
 .ARM.attributes
                0x0000000000000126       0x2c CMakeFiles/led_test.dir/home/raahi/Projects/BLIMP/pico-sdk/src/rp2_common/hardware_irq/irq.c.obj
 .ARM.attributes
                0x0000000000000152       0x22 CMakeFiles/led_test.dir/home/raahi/Projects/BLIMP/pico-sdk/src/rp2_common/hardware_irq/irq_handler_chain.S.obj
 .ARM.attributes
                0x0000000000000174       0x2c CMakeFiles/led_test.dir/home/raahi/Projects/BLIMP/pico-sdk/src/common/pico_sync/lock_core.c.obj
 .ARM.attributes
                0x00000000000001a0       0x2c CMakeFiles/led_test.dir/home/raahi/Projects/BLIMP/pico-sdk/src/common/pico_time/time.c.obj
 .ARM.attributes
                0x00000000000001cc       0x2c CMakeFiles/led_test.dir/home/raahi/Projects/BLIMP/pico-sdk/src/rp2_common/hardware_timer/timer.c.obj
 .ARM.attributes
                0x00000000000001f8       0x2c CMakeFiles/led_test.dir/home/raahi/Projects/BLIMP/pico-sdk/src/common/pico_util/pheap.c.obj
 .ARM.attributes
                0x0000000000000224       0x2c CMakeFiles/led_test.dir/home/raahi/Projects/BLIMP/pico-sdk/src/common/pico_sync/mutex.c.obj
 .ARM.attributes
                0x0000000000000250       0x2c CMakeFiles/led_test.dir/home/raahi/Projects/BLIMP/pico-sdk/src/rp2_common/pico_runtime/runtime.c.obj
 .ARM.attributes
                0x000000000000027c       0x2c CMakeFiles/led_test.dir/home/raahi/Projects/BLIMP/pico-sdk/src/rp2_common/hardware_clocks/clocks.c.obj
 .ARM.attributes
                0x00000000000002a8       0x2c CMakeFiles/led_test.dir/home/raahi/Projects/BLIMP/pico-sdk/src/rp2_common/hardware_pll/pll.c.obj
 .ARM.attributes
                0x00000000000002d4       0x2c CMakeFiles/led_test.dir/home/raahi/Projects/BLIMP/pico-sdk/src/rp2_common/hardware_watchdog/watchdog.c.obj
 .ARM.attributes
                0x0000000000000300       0x2c CMakeFiles/led_test.dir/home/raahi/Projects/BLIMP/pico-sdk/src/rp2_common/hardware_xosc/xosc.c.obj
 .ARM.attributes
                0x000000000000032c       0x2c CMakeFiles/led_test.dir/home/raahi/Projects/BLIMP/pico-sdk/src/rp2_common/pico_printf/printf.c.obj
 .ARM.attributes
                0x0000000000000358       0x22 CMakeFiles/led_test.dir/home/raahi/Projects/BLIMP/pico-sdk/src/rp2_common/pico_bit_ops/bit_ops_aeabi.S.obj
 .ARM.attributes
                0x000000000000037a       0x2c CMakeFiles/led_test.dir/home/raahi/Projects/BLIMP/pico-sdk/src/rp2_common/pico_bootrom/bootrom.c.obj
 .ARM.attributes
                0x00000000000003a6       0x22 CMakeFiles/led_test.dir/home/raahi/Projects/BLIMP/pico-sdk/src/rp2_common/pico_divider/divider.S.obj
 .ARM.attributes
                0x00000000000003c8       0x22 CMakeFiles/led_test.dir/home/raahi/Projects/BLIMP/pico-sdk/src/rp2_common/pico_double/double_aeabi.S.obj
 .ARM.attributes
                0x00000000000003ea       0x2c CMakeFiles/led_test.dir/home/raahi/Projects/BLIMP/pico-sdk/src/rp2_common/pico_double/double_init_rom.c.obj
 .ARM.attributes
                0x0000000000000416       0x22 CMakeFiles/led_test.dir/home/raahi/Projects/BLIMP/pico-sdk/src/rp2_common/pico_double/double_v1_rom_shim.S.obj
 .ARM.attributes
                0x0000000000000438       0x22 CMakeFiles/led_test.dir/home/raahi/Projects/BLIMP/pico-sdk/src/rp2_common/pico_int64_ops/pico_int64_ops_aeabi.S.obj
 .ARM.attributes
                0x000000000000045a       0x22 CMakeFiles/led_test.dir/home/raahi/Projects/BLIMP/pico-sdk/src/rp2_common/pico_float/float_aeabi.S.obj
 .ARM.attributes
                0x000000000000047c       0x2c CMakeFiles/led_test.dir/home/raahi/Projects/BLIMP/pico-sdk/src/rp2_common/pico_float/float_init_rom.c.obj
 .ARM.attributes
                0x00000000000004a8       0x22 CMakeFiles/led_test.dir/home/raahi/Projects/BLIMP/pico-sdk/src/rp2_common/pico_float/float_v1_rom_shim.S.obj
 .ARM.attributes
                0x00000000000004ca       0x22 CMakeFiles/led_test.dir/home/raahi/Projects/BLIMP/pico-sdk/src/rp2_common/pico_mem_ops/mem_ops_aeabi.S.obj
 .ARM.attributes
                0x00000000000004ec       0x22 CMakeFiles/led_test.dir/home/raahi/Projects/BLIMP/pico-sdk/src/rp2_common/pico_standard_link/crt0.S.obj
 .ARM.attributes
                0x000000000000050e       0x2c CMakeFiles/led_test.dir/home/raahi/Projects/BLIMP/pico-sdk/src/rp2_common/pico_standard_link/binary_info.c.obj
 .ARM.attributes
                0x000000000000053a       0x2c CMakeFiles/led_test.dir/home/raahi/Projects/BLIMP/pico-sdk/src/rp2_common/pico_stdio/stdio.c.obj
 .ARM.attributes
                0x0000000000000566       0x22 /tmp/cc8ALjDT.o
 .ARM.attributes
                0x0000000000000588       0x1e /usr/lib/gcc/arm-none-eabi/12.2.0/thumb/v6-m/nofp/libgcc.a(_dvmd_tls.o)
 .ARM.attributes
                0x00000000000005a6       0x2c /usr/lib/gcc/arm-none-eabi/12.2.0/../../../../arm-none-eabi/lib/thumb/v6-m/nofp/libc.a(lib_a-atexit.o)
 .ARM.attributes
                0x00000000000005d2       0x2c /usr/lib/gcc/arm-none-eabi/12.2.0/../../../../arm-none-eabi/lib/thumb/v6-m/nofp/libc.a(lib_a-fini.o)
 .ARM.attributes
                0x00000000000005fe       0x2c /usr/lib/gcc/arm-none-eabi/12.2.0/../../../../arm-none-eabi/lib/thumb/v6-m/nofp/libc.a(lib_a-impure.o)
 .ARM.attributes
                0x000000000000062a       0x2c /usr/lib/gcc/arm-none-eabi/12.2.0/../../../../arm-none-eabi/lib/thumb/v6-m/nofp/libc.a(lib_a-strlen-stub.o)
 .ARM.attributes
                0x0000000000000656       0x2c /usr/lib/gcc/arm-none-eabi/12.2.0/../../../../arm-none-eabi/lib/thumb/v6-m/nofp/libc.a(lib_a-__atexit.o)
 .ARM.attributes
                0x0000000000000682       0x2c /usr/lib/gcc/arm-none-eabi/12.2.0/../../../../arm-none-eabi/lib/thumb/v6-m/nofp/libc.a(lib_a-__call_atexit.o)
 .ARM.attributes
                0x00000000000006ae       0x2c /usr/lib/gcc/arm-none-eabi/12.2.0/../../../../arm-none-eabi/lib/thumb/v6-m/nofp/libc.a(lib_a-lock.o)

.comment        0x0000000000000000       0x3c
 .comment       0x0000000000000000       0x1e CMakeFiles/led_test.dir/led_test.c.obj
                                         0x1f (size before relaxing)
 .comment       0x000000000000001e       0x1f CMakeFiles/led_test.dir/home/raahi/Projects/BLIMP/pico-sdk/src/rp2_common/hardware_gpio/gpio.c.obj
 .comment       0x000000000000001e       0x1f CMakeFiles/led_test.dir/home/raahi/Projects/BLIMP/pico-sdk/src/rp2_common/hardware_claim/claim.c.obj
 .comment       0x000000000000001e       0x1f CMakeFiles/led_test.dir/home/raahi/Projects/BLIMP/pico-sdk/src/rp2_common/pico_platform/platform.c.obj
 .comment       0x000000000000001e       0x1f CMakeFiles/led_test.dir/home/raahi/Projects/BLIMP/pico-sdk/src/rp2_common/hardware_sync/sync.c.obj
 .comment       0x000000000000001e       0x1f CMakeFiles/led_test.dir/home/raahi/Projects/BLIMP/pico-sdk/src/rp2_common/hardware_irq/irq.c.obj
 .comment       0x000000000000001e       0x1f CMakeFiles/led_test.dir/home/raahi/Projects/BLIMP/pico-sdk/src/common/pico_sync/lock_core.c.obj
 .comment       0x000000000000001e       0x1f CMakeFiles/led_test.dir/home/raahi/Projects/BLIMP/pico-sdk/src/common/pico_time/time.c.obj
 .comment       0x000000000000001e       0x1f CMakeFiles/led_test.dir/home/raahi/Projects/BLIMP/pico-sdk/src/rp2_common/hardware_timer/timer.c.obj
 .comment       0x000000000000001e       0x1f CMakeFiles/led_test.dir/home/raahi/Projects/BLIMP/pico-sdk/src/common/pico_util/pheap.c.obj
 .comment       0x000000000000001e       0x1f CMakeFiles/led_test.dir/home/raahi/Projects/BLIMP/pico-sdk/src/common/pico_sync/mutex.c.obj
 .comment       0x000000000000001e       0x1f CMakeFiles/led_test.dir/home/raahi/Projects/BLIMP/pico-sdk/src/rp2_common/pico_runtime/runtime.c.obj
 .comment       0x000000000000001e       0x1f CMakeFiles/led_test.dir/home/raahi/Projects/BLIMP/pico-sdk/src/rp2_common/hardware_clocks/clocks.c.obj
 .comment       0x000000000000001e       0x1f CMakeFiles/led_test.dir/home/raahi/Projects/BLIMP/pico-sdk/src/rp2_common/hardware_pll/pll.c.obj
 .comment       0x000000000000001e       0x1f CMakeFiles/led_test.dir/home/raahi/Projects/BLIMP/pico-sdk/src/rp2_common/hardware_watchdog/watchdog.c.obj
 .comment       0x000000000000001e       0x1f CMakeFiles/led_test.dir/home/raahi/Projects/BLIMP/pico-sdk/src/rp2_common/hardware_xosc/xosc.c.obj
 .comment       0x000000000000001e       0x1f CMakeFiles/led_test.dir/home/raahi/Projects/BLIMP/pico-sdk/src/rp2_common/pico_printf/printf.c.obj
 .comment       0x000000000000001e       0x1f CMakeFiles/led_test.dir/home/raahi/Projects/BLIMP/pico-sdk/src/rp2_common/pico_bootrom/bootrom.c.obj
 .comment       0x000000000000001e       0x1f CMakeFiles/led_test.dir/home/raahi/Projects/BLIMP/pico-sdk/src/rp2_common/pico_double/double_init_rom.c.obj
 .comment       0x000000000000001e       0x1f CMakeFiles/led_test.dir/home/raahi/Projects/BLIMP/pico-sdk/src/rp2_common/pico_float/float_init_rom.c.obj
 .comment       0x000000000000001e       0x1f CMakeFiles/led_test.dir/home/raahi/Projects/BLIMP/pico-sdk/src/rp2_common/pico_standard_link/binary_info.c.obj
 .comment       0x000000000000001e       0x1f CMakeFiles/led_test.dir/home/raahi/Projects/BLIMP/pico-sdk/src/rp2_common/pico_stdio/stdio.c.obj
 .comment       0x000000000000001e       0x1e /usr/lib/gcc/arm-none-eabi/12.2.0/../../../../arm-none-eabi/lib/thumb/v6-m/nofp/libc.a(lib_a-atexit.o)
                                         0x1f (size before relaxing)
 .comment       0x000000000000003c       0x1f /usr/lib/gcc/arm-none-eabi/12.2.0/../../../../arm-none-eabi/lib/thumb/v6-m/nofp/libc.a(lib_a-fini.o)
 .comment       0x000000000000003c       0x1f /usr/lib/gcc/arm-none-eabi/12.2.0/../../../../arm-none-eabi/lib/thumb/v6-m/nofp/libc.a(lib_a-impure.o)
 .comment       0x000000000000003c       0x1f /usr/lib/gcc/arm-none-eabi/12.2.0/../../../../arm-none-eabi/lib/thumb/v6-m/nofp/libc.a(lib_a-strlen-stub.o)
 .comment       0x000000000000003c       0x1f /usr/lib/gcc/arm-none-eabi/12.2.0/../../../../arm-none-eabi/lib/thumb/v6-m/nofp/libc.a(lib_a-__atexit.o)
 .comment       0x000000000000003c       0x1f /usr/lib/gcc/arm-none-eabi/12.2.0/../../../../arm-none-eabi/lib/thumb/v6-m/nofp/libc.a(lib_a-__call_atexit.o)
 .comment       0x000000000000003c       0x1f /usr/lib/gcc/arm-none-eabi/12.2.0/../../../../arm-none-eabi/lib/thumb/v6-m/nofp/libc.a(lib_a-lock.o)

.debug_line     0x0000000000000000      0xa8c
 .debug_line    0x0000000000000000       0x4a /usr/lib/gcc/arm-none-eabi/12.2.0/thumb/v6-m/nofp/libgcc.a(_dvmd_tls.o)
 .debug_line    0x000000000000004a       0xed /usr/lib/gcc/arm-none-eabi/12.2.0/../../../../arm-none-eabi/lib/thumb/v6-m/nofp/libc.a(lib_a-atexit.o)
 .debug_line    0x0000000000000137       0xf9 /usr/lib/gcc/arm-none-eabi/12.2.0/../../../../arm-none-eabi/lib/thumb/v6-m/nofp/libc.a(lib_a-fini.o)
 .debug_line    0x0000000000000230      0x10e /usr/lib/gcc/arm-none-eabi/12.2.0/../../../../arm-none-eabi/lib/thumb/v6-m/nofp/libc.a(lib_a-impure.o)
 .debug_line    0x000000000000033e      0x197 /usr/lib/gcc/arm-none-eabi/12.2.0/../../../../arm-none-eabi/lib/thumb/v6-m/nofp/libc.a(lib_a-strlen-stub.o)
 .debug_line    0x00000000000004d5      0x1f7 /usr/lib/gcc/arm-none-eabi/12.2.0/../../../../arm-none-eabi/lib/thumb/v6-m/nofp/libc.a(lib_a-__atexit.o)
 .debug_line    0x00000000000006cc      0x2d5 /usr/lib/gcc/arm-none-eabi/12.2.0/../../../../arm-none-eabi/lib/thumb/v6-m/nofp/libc.a(lib_a-__call_atexit.o)
 .debug_line    0x00000000000009a1       0xeb /usr/lib/gcc/arm-none-eabi/12.2.0/../../../../arm-none-eabi/lib/thumb/v6-m/nofp/libc.a(lib_a-lock.o)

.debug_line_str
                0x0000000000000000       0x92
 .debug_line_str
                0x0000000000000000       0x92 /usr/lib/gcc/arm-none-eabi/12.2.0/thumb/v6-m/nofp/libgcc.a(_dvmd_tls.o)

.debug_info     0x0000000000000000     0x21cf
 .debug_info    0x0000000000000000       0x39 /usr/lib/gcc/arm-none-eabi/12.2.0/thumb/v6-m/nofp/libgcc.a(_dvmd_tls.o)
 .debug_info    0x0000000000000039      0x118 /usr/lib/gcc/arm-none-eabi/12.2.0/../../../../arm-none-eabi/lib/thumb/v6-m/nofp/libc.a(lib_a-atexit.o)
 .debug_info    0x0000000000000151       0xf7 /usr/lib/gcc/arm-none-eabi/12.2.0/../../../../arm-none-eabi/lib/thumb/v6-m/nofp/libc.a(lib_a-fini.o)
 .debug_info    0x0000000000000248      0x8c8 /usr/lib/gcc/arm-none-eabi/12.2.0/../../../../arm-none-eabi/lib/thumb/v6-m/nofp/libc.a(lib_a-impure.o)
 .debug_info    0x0000000000000b10       0xeb /usr/lib/gcc/arm-none-eabi/12.2.0/../../../../arm-none-eabi/lib/thumb/v6-m/nofp/libc.a(lib_a-strlen-stub.o)
 .debug_info    0x0000000000000bfb      0x999 /usr/lib/gcc/arm-none-eabi/12.2.0/../../../../arm-none-eabi/lib/thumb/v6-m/nofp/libc.a(lib_a-__atexit.o)
 .debug_info    0x0000000000001594      0xa21 /usr/lib/gcc/arm-none-eabi/12.2.0/../../../../arm-none-eabi/lib/thumb/v6-m/nofp/libc.a(lib_a-__call_atexit.o)
 .debug_info    0x0000000000001fb5      0x21a /usr/lib/gcc/arm-none-eabi/12.2.0/../../../../arm-none-eabi/lib/thumb/v6-m/nofp/libc.a(lib_a-lock.o)

.debug_abbrev   0x0000000000000000      0xa61
 .debug_abbrev  0x0000000000000000       0x1f /usr/lib/gcc/arm-none-eabi/12.2.0/thumb/v6-m/nofp/libgcc.a(_dvmd_tls.o)
 .debug_abbrev  0x000000000000001f       0xbe /usr/lib/gcc/arm-none-eabi/12.2.0/../../../../arm-none-eabi/lib/thumb/v6-m/nofp/libc.a(lib_a-atexit.o)
 .debug_abbrev  0x00000000000000dd       0xc9 /usr/lib/gcc/arm-none-eabi/12.2.0/../../../../arm-none-eabi/lib/thumb/v6-m/nofp/libc.a(lib_a-fini.o)
 .debug_abbrev  0x00000000000001a6      0x1ca /usr/lib/gcc/arm-none-eabi/12.2.0/../../../../arm-none-eabi/lib/thumb/v6-m/nofp/libc.a(lib_a-impure.o)
 .debug_abbrev  0x0000000000000370       0x90 /usr/lib/gcc/arm-none-eabi/12.2.0/../../../../arm-none-eabi/lib/thumb/v6-m/nofp/libc.a(lib_a-strlen-stub.o)
 .debug_abbrev  0x0000000000000400      0x272 /usr/lib/gcc/arm-none-eabi/12.2.0/../../../../arm-none-eabi/lib/thumb/v6-m/nofp/libc.a(lib_a-__atexit.o)
 .debug_abbrev  0x0000000000000672      0x2da /usr/lib/gcc/arm-none-eabi/12.2.0/../../../../arm-none-eabi/lib/thumb/v6-m/nofp/libc.a(lib_a-__call_atexit.o)
 .debug_abbrev  0x000000000000094c      0x115 /usr/lib/gcc/arm-none-eabi/12.2.0/../../../../arm-none-eabi/lib/thumb/v6-m/nofp/libc.a(lib_a-lock.o)

.debug_aranges  0x0000000000000000      0x108
 .debug_aranges
                0x0000000000000000       0x20 /usr/lib/gcc/arm-none-eabi/12.2.0/thumb/v6-m/nofp/libgcc.a(_dvmd_tls.o)
 .debug_aranges
                0x0000000000000020       0x20 /usr/lib/gcc/arm-none-eabi/12.2.0/../../../../arm-none-eabi/lib/thumb/v6-m/nofp/libc.a(lib_a-atexit.o)
 .debug_aranges
                0x0000000000000040       0x20 /usr/lib/gcc/arm-none-eabi/12.2.0/../../../../arm-none-eabi/lib/thumb/v6-m/nofp/libc.a(lib_a-fini.o)
 .debug_aranges
                0x0000000000000060       0x18 /usr/lib/gcc/arm-none-eabi/12.2.0/../../../../arm-none-eabi/lib/thumb/v6-m/nofp/libc.a(lib_a-impure.o)
 .debug_aranges
                0x0000000000000078       0x20 /usr/lib/gcc/arm-none-eabi/12.2.0/../../../../arm-none-eabi/lib/thumb/v6-m/nofp/libc.a(lib_a-strlen-stub.o)
 .debug_aranges
                0x0000000000000098       0x20 /usr/lib/gcc/arm-none-eabi/12.2.0/../../../../arm-none-eabi/lib/thumb/v6-m/nofp/libc.a(lib_a-__atexit.o)
 .debug_aranges
                0x00000000000000b8       0x28 /usr/lib/gcc/arm-none-eabi/12.2.0/../../../../arm-none-eabi/lib/thumb/v6-m/nofp/libc.a(lib_a-__call_atexit.o)
 .debug_aranges
                0x00000000000000e0       0x28 /usr/lib/gcc/arm-none-eabi/12.2.0/../../../../arm-none-eabi/lib/thumb/v6-m/nofp/libc.a(lib_a-lock.o)

.debug_str      0x0000000000000000      0xbc9
 .debug_str     0x0000000000000000       0xba /usr/lib/gcc/arm-none-eabi/12.2.0/thumb/v6-m/nofp/libgcc.a(_dvmd_tls.o)
 .debug_str     0x00000000000000ba      0x1c9 /usr/lib/gcc/arm-none-eabi/12.2.0/../../../../arm-none-eabi/lib/thumb/v6-m/nofp/libc.a(lib_a-atexit.o)
                                        0x209 (size before relaxing)
 .debug_str     0x0000000000000283       0xdf /usr/lib/gcc/arm-none-eabi/12.2.0/../../../../arm-none-eabi/lib/thumb/v6-m/nofp/libc.a(lib_a-fini.o)
                                        0x201 (size before relaxing)
 .debug_str     0x0000000000000362      0x45a /usr/lib/gcc/arm-none-eabi/12.2.0/../../../../arm-none-eabi/lib/thumb/v6-m/nofp/libc.a(lib_a-impure.o)
                                        0x5a4 (size before relaxing)
 .debug_str     0x00000000000007bc       0xce /usr/lib/gcc/arm-none-eabi/12.2.0/../../../../arm-none-eabi/lib/thumb/v6-m/nofp/libc.a(lib_a-strlen-stub.o)
                                        0x1f1 (size before relaxing)
 .debug_str     0x000000000000088a       0x95 /usr/lib/gcc/arm-none-eabi/12.2.0/../../../../arm-none-eabi/lib/thumb/v6-m/nofp/libc.a(lib_a-__atexit.o)
                                        0x63b (size before relaxing)
 .debug_str     0x000000000000091f       0xaf /usr/lib/gcc/arm-none-eabi/12.2.0/../../../../arm-none-eabi/lib/thumb/v6-m/nofp/libc.a(lib_a-__call_atexit.o)
                                        0x66e (size before relaxing)
 .debug_str     0x00000000000009ce      0x1fb /usr/lib/gcc/arm-none-eabi/12.2.0/../../../../arm-none-eabi/lib/thumb/v6-m/nofp/libc.a(lib_a-lock.o)
                                        0x35c (size before relaxing)

.debug_loclists
                0x0000000000000000      0x30f
 .debug_loclists
                0x0000000000000000       0x2a /usr/lib/gcc/arm-none-eabi/12.2.0/../../../../arm-none-eabi/lib/thumb/v6-m/nofp/libc.a(lib_a-atexit.o)
 .debug_loclists
                0x000000000000002a       0x34 /usr/lib/gcc/arm-none-eabi/12.2.0/../../../../arm-none-eabi/lib/thumb/v6-m/nofp/libc.a(lib_a-fini.o)
 .debug_loclists
                0x000000000000005e       0x5e /usr/lib/gcc/arm-none-eabi/12.2.0/../../../../arm-none-eabi/lib/thumb/v6-m/nofp/libc.a(lib_a-strlen-stub.o)
 .debug_loclists
                0x00000000000000bc      0x107 /usr/lib/gcc/arm-none-eabi/12.2.0/../../../../arm-none-eabi/lib/thumb/v6-m/nofp/libc.a(lib_a-__atexit.o)
 .debug_loclists
                0x00000000000001c3      0x129 /usr/lib/gcc/arm-none-eabi/12.2.0/../../../../arm-none-eabi/lib/thumb/v6-m/nofp/libc.a(lib_a-__call_atexit.o)
 .debug_loclists
                0x00000000000002ec       0x23 /usr/lib/gcc/arm-none-eabi/12.2.0/../../../../arm-none-eabi/lib/thumb/v6-m/nofp/libc.a(lib_a-lock.o)

.debug_rnglists
                0x0000000000000000       0x93
 .debug_rnglists
                0x0000000000000000       0x13 /usr/lib/gcc/arm-none-eabi/12.2.0/../../../../arm-none-eabi/lib/thumb/v6-m/nofp/libc.a(lib_a-atexit.o)
 .debug_rnglists
                0x0000000000000013       0x13 /usr/lib/gcc/arm-none-eabi/12.2.0/../../../../arm-none-eabi/lib/thumb/v6-m/nofp/libc.a(lib_a-fini.o)
 .debug_rnglists
                0x0000000000000026       0x13 /usr/lib/gcc/arm-none-eabi/12.2.0/../../../../arm-none-eabi/lib/thumb/v6-m/nofp/libc.a(lib_a-strlen-stub.o)
 .debug_rnglists
                0x0000000000000039       0x14 /usr/lib/gcc/arm-none-eabi/12.2.0/../../../../arm-none-eabi/lib/thumb/v6-m/nofp/libc.a(lib_a-__atexit.o)
 .debug_rnglists
                0x000000000000004d       0x2d /usr/lib/gcc/arm-none-eabi/12.2.0/../../../../arm-none-eabi/lib/thumb/v6-m/nofp/libc.a(lib_a-__call_atexit.o)
 .debug_rnglists
                0x000000000000007a       0x19 /usr/lib/gcc/arm-none-eabi/12.2.0/../../../../arm-none-eabi/lib/thumb/v6-m/nofp/libc.a(lib_a-lock.o)

.debug_frame    0x0000000000000000      0x1b8
 .debug_frame   0x0000000000000000       0x28 /usr/lib/gcc/arm-none-eabi/12.2.0/../../../../arm-none-eabi/lib/thumb/v6-m/nofp/libc.a(lib_a-atexit.o)
 .debug_frame   0x0000000000000028       0x2c /usr/lib/gcc/arm-none-eabi/12.2.0/../../../../arm-none-eabi/lib/thumb/v6-m/nofp/libc.a(lib_a-fini.o)
 .debug_frame   0x0000000000000054       0x28 /usr/lib/gcc/arm-none-eabi/12.2.0/../../../../arm-none-eabi/lib/thumb/v6-m/nofp/libc.a(lib_a-strlen-stub.o)
 .debug_frame   0x000000000000007c       0x38 /usr/lib/gcc/arm-none-eabi/12.2.0/../../../../arm-none-eabi/lib/thumb/v6-m/nofp/libc.a(lib_a-__atexit.o)
 .debug_frame   0x00000000000000b4       0x54 /usr/lib/gcc/arm-none-eabi/12.2.0/../../../../arm-none-eabi/lib/thumb/v6-m/nofp/libc.a(lib_a-__call_atexit.o)
 .debug_frame   0x0000000000000108       0xb0 /usr/lib/gcc/arm-none-eabi/12.2.0/../../../../arm-none-eabi/lib/thumb/v6-m/nofp/libc.a(lib_a-lock.o)
